
> frontend@0.1.0 build
> next build

Γû▓ Next.js 16.1.1 (Turbopack)
- Environments: .env.local

  Creating an optimized production build ...
Γ£ô Compiled successfully in 2.8s
  Running TypeScript ...
node.exe : Failed to compile.
At line:1 char:1
+ & "C:\nvm4w\nodejs/node.exe" 
"C:\nvm4w\nodejs/node_modules/npm/bin/np ...
+ ~~~~~~~~~~~~~~~~~~~~~~~~~~~~~~~~~~~~~~~~~~~~~~~~~~~~~
~~~~~~~~~~~~~~~~
    + CategoryInfo          : NotSpecified: (Failed to 
    compile.:String) [], RemoteException
    + FullyQualifiedErrorId : NativeCommandError
 

./src/app/(marketing)/packages/page.tsx:315:29
Type error: Type 'string | undefined' is not 
assignable to type 'boolean'.
  Type 'undefined' is not assignable to type 'boolean'.

[0m [90m 313 |[39m                 
[33m<[39m[33m/[39m[33mdiv[39m[33m>[39m
 [90m 314 |[39m               ) [33m:[39m (
[31m[1m>[22m[39m[90m 315 |[39m                 
[33m<[39m[33mEmptyState[39m 
hasFilters[33m=[39m{hasActiveFilters} 
[33m/[39m[33m>[39m
 [90m     |[39m                             
[31m[1m^[22m[39m
 [90m 316 |[39m               )}
 [90m 317 |[39m
 [90m 318 |[39m               {[90m/* Pagination 
(if needed) */[39m}[0m
Next.js build worker exited with code: 1 and signal: 
null
